Linear DNA folding at 37° C. [Na+] = 1.0, [Mg++] = 0.0.
 
Structure    1
 
Folding bases      1 to     23 of 2L5K
 dG =     -1.57  dH =    -23.00  dS =    -69.10  Tm =   59.7 â„ƒ
 
 
        10
CAGTTG|   T
      ATCC \
      TAGG T
GTCCCA^   T
  20
 
 
